#-----------------------------------------------------------
# Vivado v2025.1.1 (64-bit)
# SW Build 6233196 on Thu Sep 11 21:27:30 MDT 2025
# IP Build 6232796 on Fri Sep 12 01:46:16 MDT 2025
# SharedData Build 6233195 on Thu Sep 11 17:56:43 MDT 2025
# Start of session at: Fri Dec 19 18:12:56 2025
# Process ID         : 36572
# Current directory  : C:/Users/ryanh/fpga/iclab/lab2/lab2.runs/synth_1
# Command line       : vivado.exe -log TESTBED.vds -product Vivado -mode batch -messageDb vivado.pb -notrace -source TESTBED.tcl
# Log file           : C:/Users/ryanh/fpga/iclab/lab2/lab2.runs/synth_1/TESTBED.vds
# Journal file       : C:/Users/ryanh/fpga/iclab/lab2/lab2.runs/synth_1\vivado.jou
# Running On         : kaiden
# Platform           : Windows Server 2016 or Windows 10
# Operating System   : 26200
# Processor Detail   : Intel(R) Core(TM) Ultra 7 258V
# CPU Frequency      : 3302 MHz
# CPU Physical cores : 8
# CPU Logical cores  : 8
# Host memory        : 33810 MB
# Swap memory        : 5100 MB
# Total Virtual      : 38910 MB
# Available Virtual  : 7525 MB
#-----------------------------------------------------------
source TESTBED.tcl -notrace
